// Jest Snapshot v1, https://goo.gl/fbAQLP

exports[`Organism TaskArea Component Correct layout 1`] = `
<div class="taskArea">
  <div data-cy="notasks" class="empty">
    The task list is empty! <br>
    Add a new task!
  </div>
  <div class="tasksContent">
    <transition-group-stub></transition-group-stub>
  </div>
  <div class="add"><input type="text" placeholder="Add new task" required="required">
    <!---->
    <!---->
  </div>
</div>
`;
